127.0.0.1 - - [15/Apr/2026:16:58:41 +0000] "GET /api/health HTTP/1.1" 200 292 "-" "curl/8.14.1"
127.0.0.1 - - [15/Apr/2026:16:59:14 +0000] "GET /api/health HTTP/1.1" 200 292 "-" "curl/8.14.1"
127.0.0.1 - - [15/Apr/2026:16:59:46 +0000] "GET /api/health HTTP/1.1" 200 292 "-" "curl/8.14.1"
127.0.0.1 - - [15/Apr/2026:17:00:19 +0000] "GET /api/health HTTP/1.1" 200 292 "-" "curl/8.14.1"
127.0.0.1 - - [15/Apr/2026:17:00:51 +0000] "GET /api/health HTTP/1.1" 200 292 "-" "curl/8.14.1"
127.0.0.1 - - [15/Apr/2026:17:01:24 +0000] "GET /api/health HTTP/1.1" 200 292 "-" "curl/8.14.1"
127.0.0.1 - - [15/Apr/2026:17:01:56 +0000] "GET /api/health HTTP/1.1" 200 292 "-" "curl/8.14.1"
127.0.0.1 - - [15/Apr/2026:17:02:29 +0000] "GET /api/health HTTP/1.1" 200 292 "-" "curl/8.14.1"
127.0.0.1 - - [15/Apr/2026:17:03:01 +0000] "GET /api/health HTTP/1.1" 200 292 "-" "curl/8.14.1"
127.0.0.1 - - [15/Apr/2026:17:03:34 +0000] "GET /api/health HTTP/1.1" 200 292 "-" "curl/8.14.1"
127.0.0.1 - - [15/Apr/2026:17:04:07 +0000] "GET /api/health HTTP/1.1" 200 292 "-" "curl/8.14.1"
172.19.0.4 - - [15/Apr/2026:17:04:13 +0000] "POST /api/auth/login HTTP/1.1" 401 51 "http://localhost/" "Mozilla/5.0 (Windows NT 10.0; Win64; x64) AppleWebKit/537.36 (KHTML, like Gecko) Chrome/147.0.0.0 Safari/537.36"
172.19.0.4 - - [15/Apr/2026:17:04:17 +0000] "POST /api/auth/login HTTP/1.1" 401 51 "http://localhost/" "Mozilla/5.0 (Windows NT 10.0; Win64; x64) AppleWebKit/537.36 (KHTML, like Gecko) Chrome/147.0.0.0 Safari/537.36"
172.19.0.4 - - [15/Apr/2026:17:04:24 +0000] "POST /api/auth/register HTTP/1.1" 409 64 "http://localhost/" "Mozilla/5.0 (Windows NT 10.0; Win64; x64) AppleWebKit/537.36 (KHTML, like Gecko) Chrome/147.0.0.0 Safari/537.36"
172.19.0.4 - - [15/Apr/2026:17:04:27 +0000] "POST /api/auth/login HTTP/1.1" 401 51 "http://localhost/" "Mozilla/5.0 (Windows NT 10.0; Win64; x64) AppleWebKit/537.36 (KHTML, like Gecko) Chrome/147.0.0.0 Safari/537.36"
172.19.0.4 - - [15/Apr/2026:17:04:38 +0000] "POST /api/auth/login HTTP/1.1" 401 51 "http://localhost/" "Mozilla/5.0 (Windows NT 10.0; Win64; x64) AppleWebKit/537.36 (KHTML, like Gecko) Chrome/147.0.0.0 Safari/537.36"
172.19.0.4 - - [15/Apr/2026:17:04:39 +0000] "POST /api/auth/login HTTP/1.1" 401 51 "http://localhost/" "Mozilla/5.0 (Windows NT 10.0; Win64; x64) AppleWebKit/537.36 (KHTML, like Gecko) Chrome/147.0.0.0 Safari/537.36"
127.0.0.1 - - [15/Apr/2026:17:04:39 +0000] "GET /api/health HTTP/1.1" 200 292 "-" "curl/8.14.1"
172.19.0.4 - - [15/Apr/2026:17:05:03 +0000] "POST /api/auth/login HTTP/1.1" 401 51 "http://localhost/" "Mozilla/5.0 (Windows NT 10.0; Win64; x64) AppleWebKit/537.36 (KHTML, like Gecko) Chrome/147.0.0.0 Safari/537.36"
127.0.0.1 - - [15/Apr/2026:17:05:12 +0000] "GET /api/health HTTP/1.1" 200 292 "-" "curl/8.14.1"
127.0.0.1 - - [15/Apr/2026:17:05:44 +0000] "GET /api/health HTTP/1.1" 200 292 "-" "curl/8.14.1"
127.0.0.1 - - [15/Apr/2026:17:06:17 +0000] "GET /api/health HTTP/1.1" 200 292 "-" "curl/8.14.1"
127.0.0.1 - - [15/Apr/2026:17:06:49 +0000] "GET /api/health HTTP/1.1" 200 292 "-" "curl/8.14.1"
127.0.0.1 - - [15/Apr/2026:17:07:22 +0000] "GET /api/health HTTP/1.1" 200 292 "-" "curl/8.14.1"
127.0.0.1 - - [15/Apr/2026:17:07:54 +0000] "GET /api/health HTTP/1.1" 200 292 "-" "curl/8.14.1"
127.0.0.1 - - [15/Apr/2026:17:08:27 +0000] "GET /api/health HTTP/1.1" 200 292 "-" "curl/8.14.1"
127.0.0.1 - - [15/Apr/2026:17:08:59 +0000] "GET /api/health HTTP/1.1" 200 292 "-" "curl/8.14.1"
127.0.0.1 - - [15/Apr/2026:17:09:32 +0000] "GET /api/health HTTP/1.1" 200 292 "-" "curl/8.14.1"
172.19.0.4 - - [15/Apr/2026:17:09:37 +0000] "POST /api/auth/login HTTP/1.1" 401 51 "http://localhost/" "Mozilla/5.0 (Windows NT 10.0; Win64; x64) AppleWebKit/537.36 (KHTML, like Gecko) Chrome/147.0.0.0 Safari/537.36"
172.19.0.4 - - [15/Apr/2026:17:09:38 +0000] "POST /api/auth/login HTTP/1.1" 401 51 "http://localhost/" "Mozilla/5.0 (Windows NT 10.0; Win64; x64) AppleWebKit/537.36 (KHTML, like Gecko) Chrome/147.0.0.0 Safari/537.36"
127.0.0.1 - - [15/Apr/2026:17:10:04 +0000] "GET /api/health HTTP/1.1" 200 292 "-" "curl/8.14.1"
127.0.0.1 - - [15/Apr/2026:17:10:37 +0000] "GET /api/health HTTP/1.1" 200 292 "-" "curl/8.14.1"
127.0.0.1 - - [15/Apr/2026:17:11:10 +0000] "GET /api/health HTTP/1.1" 200 292 "-" "curl/8.14.1"
127.0.0.1 - - [15/Apr/2026:17:11:42 +0000] "GET /api/health HTTP/1.1" 200 292 "-" "curl/8.14.1"
127.0.0.1 - - [15/Apr/2026:17:12:15 +0000] "GET /api/health HTTP/1.1" 200 292 "-" "curl/8.14.1"
127.0.0.1 - - [15/Apr/2026:17:12:52 +0000] "GET /api/health HTTP/1.1" 200 292 "-" "curl/8.14.1"
127.0.0.1 - - [15/Apr/2026:17:13:25 +0000] "GET /api/health HTTP/1.1" 200 292 "-" "curl/8.14.1"
127.0.0.1 - - [15/Apr/2026:17:13:57 +0000] "GET /api/health HTTP/1.1" 200 292 "-" "curl/8.14.1"
127.0.0.1 - - [15/Apr/2026:17:14:30 +0000] "GET /api/health HTTP/1.1" 200 292 "-" "curl/8.14.1"
127.0.0.1 - - [15/Apr/2026:17:15:02 +0000] "GET /api/health HTTP/1.1" 200 292 "-" "curl/8.14.1"
127.0.0.1 - - [15/Apr/2026:17:15:35 +0000] "GET /api/health HTTP/1.1" 200 292 "-" "curl/8.14.1"
127.0.0.1 - - [15/Apr/2026:17:16:07 +0000] "GET /api/health HTTP/1.1" 200 292 "-" "curl/8.14.1"
172.19.0.4 - - [15/Apr/2026:17:16:37 +0000] "POST /api/auth/register HTTP/1.0" 200 321 "-" "Mozilla/5.0 (Windows NT; Windows NT 10.0; fr-FR) WindowsPowerShell/5.1.19041.6456"
127.0.0.1 - - [15/Apr/2026:17:16:40 +0000] "GET /api/health HTTP/1.1" 200 292 "-" "curl/8.14.1"
127.0.0.1 - - [15/Apr/2026:17:17:13 +0000] "GET /api/health HTTP/1.1" 200 292 "-" "curl/8.14.1"
127.0.0.1 - - [15/Apr/2026:17:17:45 +0000] "GET /api/health HTTP/1.1" 200 292 "-" "curl/8.14.1"
127.0.0.1 - - [15/Apr/2026:17:18:18 +0000] "GET /api/health HTTP/1.1" 200 292 "-" "curl/8.14.1"
127.0.0.1 - - [15/Apr/2026:17:18:50 +0000] "GET /api/health HTTP/1.1" 200 292 "-" "curl/8.14.1"
127.0.0.1 - - [15/Apr/2026:17:19:23 +0000] "GET /api/health HTTP/1.1" 200 292 "-" "curl/8.14.1"
127.0.0.1 - - [15/Apr/2026:17:19:56 +0000] "GET /api/health HTTP/1.1" 200 292 "-" "curl/8.14.1"
127.0.0.1 - - [15/Apr/2026:17:20:28 +0000] "GET /api/health HTTP/1.1" 200 292 "-" "curl/8.14.1"
127.0.0.1 - - [15/Apr/2026:17:21:01 +0000] "GET /api/health HTTP/1.1" 200 292 "-" "curl/8.14.1"
127.0.0.1 - - [15/Apr/2026:17:21:33 +0000] "GET /api/health HTTP/1.1" 200 292 "-" "curl/8.14.1"
127.0.0.1 - - [15/Apr/2026:17:22:06 +0000] "GET /api/health HTTP/1.1" 200 292 "-" "curl/8.14.1"
127.0.0.1 - - [15/Apr/2026:17:22:38 +0000] "GET /api/health HTTP/1.1" 200 292 "-" "curl/8.14.1"
127.0.0.1 - - [15/Apr/2026:17:23:11 +0000] "GET /api/health HTTP/1.1" 200 292 "-" "curl/8.14.1"
127.0.0.1 - - [15/Apr/2026:17:23:44 +0000] "GET /api/health HTTP/1.1" 200 292 "-" "curl/8.14.1"
127.0.0.1 - - [15/Apr/2026:17:24:16 +0000] "GET /api/health HTTP/1.1" 200 292 "-" "curl/8.14.1"
127.0.0.1 - - [15/Apr/2026:17:24:49 +0000] "GET /api/health HTTP/1.1" 200 292 "-" "curl/8.14.1"
127.0.0.1 - - [15/Apr/2026:17:25:21 +0000] "GET /api/health HTTP/1.1" 200 292 "-" "curl/8.14.1"
127.0.0.1 - - [15/Apr/2026:17:25:54 +0000] "GET /api/health HTTP/1.1" 200 292 "-" "curl/8.14.1"
127.0.0.1 - - [15/Apr/2026:17:26:26 +0000] "GET /api/health HTTP/1.1" 200 292 "-" "curl/8.14.1"
127.0.0.1 - - [15/Apr/2026:17:26:59 +0000] "GET /api/health HTTP/1.1" 200 292 "-" "curl/8.14.1"
127.0.0.1 - - [15/Apr/2026:17:27:31 +0000] "GET /api/health HTTP/1.1" 200 292 "-" "curl/8.14.1"
127.0.0.1 - - [15/Apr/2026:17:28:04 +0000] "GET /api/health HTTP/1.1" 200 292 "-" "curl/8.14.1"
127.0.0.1 - - [15/Apr/2026:17:28:36 +0000] "GET /api/health HTTP/1.1" 200 292 "-" "curl/8.14.1"
127.0.0.1 - - [15/Apr/2026:17:29:09 +0000] "GET /api/health HTTP/1.1" 200 292 "-" "curl/8.14.1"
127.0.0.1 - - [15/Apr/2026:17:29:41 +0000] "GET /api/health HTTP/1.1" 200 292 "-" "curl/8.14.1"
127.0.0.1 - - [15/Apr/2026:17:30:14 +0000] "GET /api/health HTTP/1.1" 200 292 "-" "curl/8.14.1"
172.19.0.4 - - [15/Apr/2026:17:30:41 +0000] "POST /api/auth/login HTTP/1.0" 200 321 "-" "Mozilla/5.0 (Windows NT; Windows NT 10.0; fr-FR) WindowsPowerShell/5.1.19041.6456"
127.0.0.1 - - [15/Apr/2026:17:30:47 +0000] "GET /api/health HTTP/1.1" 200 292 "-" "curl/8.14.1"
127.0.0.1 - - [15/Apr/2026:17:31:19 +0000] "GET /api/health HTTP/1.1" 200 292 "-" "curl/8.14.1"
172.19.0.4 - - [15/Apr/2026:17:31:35 +0000] "POST /api/auth/login HTTP/1.0" 401 51 "http://localhost/" "Mozilla/5.0 (Windows NT 10.0; Win64; x64) AppleWebKit/537.36 (KHTML, like Gecko) Chrome/147.0.0.0 Safari/537.36"
172.19.0.4 - - [15/Apr/2026:17:31:36 +0000] "POST /api/auth/login HTTP/1.0" 401 51 "http://localhost/" "Mozilla/5.0 (Windows NT 10.0; Win64; x64) AppleWebKit/537.36 (KHTML, like Gecko) Chrome/147.0.0.0 Safari/537.36"
172.19.0.4 - - [15/Apr/2026:17:31:48 +0000] "POST /api/auth/login HTTP/1.0" 401 51 "http://localhost/" "Mozilla/5.0 (Windows NT 10.0; Win64; x64) AppleWebKit/537.36 (KHTML, like Gecko) Chrome/147.0.0.0 Safari/537.36"
172.19.0.4 - - [15/Apr/2026:17:31:49 +0000] "POST /api/auth/login HTTP/1.0" 401 51 "http://localhost/" "Mozilla/5.0 (Windows NT 10.0; Win64; x64) AppleWebKit/537.36 (KHTML, like Gecko) Chrome/147.0.0.0 Safari/537.36"
127.0.0.1 - - [15/Apr/2026:17:31:52 +0000] "GET /api/health HTTP/1.1" 200 292 "-" "curl/8.14.1"
172.19.0.4 - - [15/Apr/2026:17:31:59 +0000] "POST /api/auth/register HTTP/1.0" 409 64 "http://localhost/" "Mozilla/5.0 (Windows NT 10.0; Win64; x64) AppleWebKit/537.36 (KHTML, like Gecko) Chrome/147.0.0.0 Safari/537.36"
172.19.0.4 - - [15/Apr/2026:17:32:05 +0000] "POST /api/auth/login HTTP/1.0" 401 51 "http://localhost/" "Mozilla/5.0 (Windows NT 10.0; Win64; x64) AppleWebKit/537.36 (KHTML, like Gecko) Chrome/147.0.0.0 Safari/537.36"
172.19.0.4 - - [15/Apr/2026:17:32:18 +0000] "POST /api/auth/register HTTP/1.0" 409 64 "http://localhost/" "Mozilla/5.0 (Windows NT 10.0; Win64; x64) AppleWebKit/537.36 (KHTML, like Gecko) Chrome/147.0.0.0 Safari/537.36"
172.19.0.4 - - [15/Apr/2026:17:32:21 +0000] "POST /api/auth/login HTTP/1.0" 401 51 "http://localhost/" "Mozilla/5.0 (Windows NT 10.0; Win64; x64) AppleWebKit/537.36 (KHTML, like Gecko) Chrome/147.0.0.0 Safari/537.36"
172.19.0.4 - - [15/Apr/2026:17:32:22 +0000] "POST /api/auth/login HTTP/1.0" 401 51 "http://localhost/" "Mozilla/5.0 (Windows NT 10.0; Win64; x64) AppleWebKit/537.36 (KHTML, like Gecko) Chrome/147.0.0.0 Safari/537.36"
172.19.0.4 - - [15/Apr/2026:17:32:22 +0000] "POST /api/auth/login HTTP/1.0" 401 51 "http://localhost/" "Mozilla/5.0 (Windows NT 10.0; Win64; x64) AppleWebKit/537.36 (KHTML, like Gecko) Chrome/147.0.0.0 Safari/537.36"
172.19.0.4 - - [15/Apr/2026:17:32:23 +0000] "POST /api/auth/login HTTP/1.0" 401 51 "http://localhost/" "Mozilla/5.0 (Windows NT 10.0; Win64; x64) AppleWebKit/537.36 (KHTML, like Gecko) Chrome/147.0.0.0 Safari/537.36"
172.19.0.4 - - [15/Apr/2026:17:32:23 +0000] "POST /api/auth/login HTTP/1.0" 401 51 "http://localhost/" "Mozilla/5.0 (Windows NT 10.0; Win64; x64) AppleWebKit/537.36 (KHTML, like Gecko) Chrome/147.0.0.0 Safari/537.36"
127.0.0.1 - - [15/Apr/2026:17:32:24 +0000] "GET /api/health HTTP/1.1" 200 292 "-" "curl/8.14.1"
172.19.0.4 - - [15/Apr/2026:17:32:28 +0000] "POST /api/auth/login HTTP/1.0" 401 51 "http://localhost/" "Mozilla/5.0 (Windows NT 10.0; Win64; x64) AppleWebKit/537.36 (KHTML, like Gecko) Chrome/147.0.0.0 Safari/537.36"
127.0.0.1 - - [15/Apr/2026:17:32:57 +0000] "GET /api/health HTTP/1.1" 200 292 "-" "curl/8.14.1"
172.19.0.4 - - [15/Apr/2026:17:33:02 +0000] "POST /api/auth/register HTTP/1.0" 409 64 "http://localhost/" "Mozilla/5.0 (Windows NT 10.0; Win64; x64) AppleWebKit/537.36 (KHTML, like Gecko) Chrome/147.0.0.0 Safari/537.36"
172.19.0.4 - - [15/Apr/2026:17:33:09 +0000] "POST /api/auth/register HTTP/1.0" 409 64 "http://localhost/" "Mozilla/5.0 (Windows NT 10.0; Win64; x64) AppleWebKit/537.36 (KHTML, like Gecko) Chrome/147.0.0.0 Safari/537.36"
172.19.0.4 - - [15/Apr/2026:17:33:11 +0000] "POST /api/auth/register HTTP/1.0" 409 64 "http://localhost/" "Mozilla/5.0 (Windows NT 10.0; Win64; x64) AppleWebKit/537.36 (KHTML, like Gecko) Chrome/147.0.0.0 Safari/537.36"
172.19.0.4 - - [15/Apr/2026:17:33:15 +0000] "POST /api/auth/register HTTP/1.0" 409 64 "http://localhost/" "Mozilla/5.0 (Windows NT 10.0; Win64; x64) AppleWebKit/537.36 (KHTML, like Gecko) Chrome/147.0.0.0 Safari/537.36"
172.19.0.4 - - [15/Apr/2026:17:33:16 +0000] "POST /api/auth/register HTTP/1.0" 429 76 "http://localhost/" "Mozilla/5.0 (Windows NT 10.0; Win64; x64) AppleWebKit/537.36 (KHTML, like Gecko) Chrome/147.0.0.0 Safari/537.36"
172.19.0.4 - - [15/Apr/2026:17:33:16 +0000] "POST /api/auth/register HTTP/1.0" 429 76 "http://localhost/" "Mozilla/5.0 (Windows NT 10.0; Win64; x64) AppleWebKit/537.36 (KHTML, like Gecko) Chrome/147.0.0.0 Safari/537.36"
172.19.0.4 - - [15/Apr/2026:17:33:16 +0000] "POST /api/auth/register HTTP/1.0" 429 76 "http://localhost/" "Mozilla/5.0 (Windows NT 10.0; Win64; x64) AppleWebKit/537.36 (KHTML, like Gecko) Chrome/147.0.0.0 Safari/537.36"
127.0.0.1 - - [15/Apr/2026:17:33:30 +0000] "GET /api/health HTTP/1.1" 200 292 "-" "curl/8.14.1"
172.19.0.4 - - [15/Apr/2026:17:33:32 +0000] "POST /api/auth/login HTTP/1.0" 200 321 "http://localhost/" "Mozilla/5.0 (Windows NT 10.0; Win64; x64) AppleWebKit/537.36 (KHTML, like Gecko) Chrome/147.0.0.0 Safari/537.36"
172.19.0.4 - - [15/Apr/2026:17:33:32 +0000] "GET /api/sources HTTP/1.0" 500 58 "http://localhost/" "Mozilla/5.0 (Windows NT 10.0; Win64; x64) AppleWebKit/537.36 (KHTML, like Gecko) Chrome/147.0.0.0 Safari/537.36"
127.0.0.1 - - [15/Apr/2026:17:34:02 +0000] "GET /api/health HTTP/1.1" 200 292 "-" "curl/8.14.1"
172.19.0.4 - - [15/Apr/2026:17:34:04 +0000] "POST /api%20/sources/file HTTP/1.0" 404 51 "http://localhost/" "Mozilla/5.0 (Windows NT 10.0; Win64; x64) AppleWebKit/537.36 (KHTML, like Gecko) Chrome/147.0.0.0 Safari/537.36"
127.0.0.1 - - [15/Apr/2026:17:34:35 +0000] "GET /api/health HTTP/1.1" 200 292 "-" "curl/8.14.1"
127.0.0.1 - - [15/Apr/2026:17:35:07 +0000] "GET /api/health HTTP/1.1" 200 292 "-" "curl/8.14.1"
127.0.0.1 - - [15/Apr/2026:17:35:40 +0000] "GET /api/health HTTP/1.1" 200 292 "-" "curl/8.14.1"
127.0.0.1 - - [15/Apr/2026:17:36:13 +0000] "GET /api/health HTTP/1.1" 200 292 "-" "curl/8.14.1"
127.0.0.1 - - [15/Apr/2026:17:36:45 +0000] "GET /api/health HTTP/1.1" 200 292 "-" "curl/8.14.1"
172.19.0.4 - - [15/Apr/2026:17:36:47 +0000] "GET /api/sources HTTP/1.0" 500 58 "-" "Mozilla/5.0 (Windows NT; Windows NT 10.0; fr-FR) WindowsPowerShell/5.1.19041.6456"
127.0.0.1 - - [15/Apr/2026:17:37:18 +0000] "GET /api/health HTTP/1.1" 200 292 "-" "curl/8.14.1"
127.0.0.1 - - [15/Apr/2026:17:37:43 +0000] "GET /api/health HTTP/1.1" 200 292 "-" "curl/8.14.1"
127.0.0.1 - - [15/Apr/2026:17:38:15 +0000] "GET /api/health HTTP/1.1" 200 292 "-" "curl/8.14.1"
127.0.0.1 - - [15/Apr/2026:17:38:48 +0000] "GET /api/health HTTP/1.1" 200 292 "-" "curl/8.14.1"
127.0.0.1 - - [15/Apr/2026:17:39:21 +0000] "GET /api/health HTTP/1.1" 200 292 "-" "curl/8.14.1"
127.0.0.1 - - [15/Apr/2026:17:39:53 +0000] "GET /api/health HTTP/1.1" 200 292 "-" "curl/8.14.1"
127.0.0.1 - - [15/Apr/2026:17:40:26 +0000] "GET /api/health HTTP/1.1" 200 292 "-" "curl/8.14.1"
127.0.0.1 - - [15/Apr/2026:17:40:58 +0000] "GET /api/health HTTP/1.1" 200 292 "-" "curl/8.14.1"
127.0.0.1 - - [15/Apr/2026:17:41:31 +0000] "GET /api/health HTTP/1.1" 200 292 "-" "curl/8.14.1"
127.0.0.1 - - [15/Apr/2026:17:42:04 +0000] "GET /api/health HTTP/1.1" 200 292 "-" "curl/8.14.1"
127.0.0.1 - - [15/Apr/2026:17:42:36 +0000] "GET /api/health HTTP/1.1" 200 292 "-" "curl/8.14.1"
127.0.0.1 - - [15/Apr/2026:17:43:09 +0000] "GET /api/health HTTP/1.1" 200 292 "-" "curl/8.14.1"
172.19.0.4 - - [15/Apr/2026:17:43:12 +0000] "GET /api/sources HTTP/1.0" 200 40 "-" "Mozilla/5.0 (Windows NT; Windows NT 10.0; fr-FR) WindowsPowerShell/5.1.19041.6456"
172.19.0.4 - - [15/Apr/2026:17:43:27 +0000] "GET /api/stats HTTP/1.0" 500 123 "http://localhost/" "Mozilla/5.0 (Windows NT 10.0; Win64; x64) AppleWebKit/537.36 (KHTML, like Gecko) Chrome/147.0.0.0 Safari/537.36"
172.19.0.4 - - [15/Apr/2026:17:43:29 +0000] "GET /api/history?limit=50 HTTP/1.0" 200 40 "http://localhost/" "Mozilla/5.0 (Windows NT 10.0; Win64; x64) AppleWebKit/537.36 (KHTML, like Gecko) Chrome/147.0.0.0 Safari/537.36"
172.19.0.4 - - [15/Apr/2026:17:43:32 +0000] "GET /api/stats HTTP/1.0" 500 123 "http://localhost/" "Mozilla/5.0 (Windows NT 10.0; Win64; x64) AppleWebKit/537.36 (KHTML, like Gecko) Chrome/147.0.0.0 Safari/537.36"
127.0.0.1 - - [15/Apr/2026:17:43:41 +0000] "GET /api/health HTTP/1.1" 200 292 "-" "curl/8.14.1"
127.0.0.1 - - [15/Apr/2026:17:44:14 +0000] "GET /api/health HTTP/1.1" 200 292 "-" "curl/8.14.1"
172.19.0.4 - - [15/Apr/2026:17:44:22 +0000] "GET /api/auth/me HTTP/1.0" 500 123 "http://localhost/" "Mozilla/5.0 (Windows NT 10.0; Win64; x64) AppleWebKit/537.36 (KHTML, like Gecko) Chrome/147.0.0.0 Safari/537.36"
172.19.0.4 - - [15/Apr/2026:17:44:33 +0000] "POST /api/auth/login HTTP/1.0" 401 51 "http://localhost/" "Mozilla/5.0 (Windows NT 10.0; Win64; x64) AppleWebKit/537.36 (KHTML, like Gecko) Chrome/147.0.0.0 Safari/537.36"
172.19.0.4 - - [15/Apr/2026:17:44:44 +0000] "POST /api/auth/login HTTP/1.0" 401 51 "http://localhost/" "Mozilla/5.0 (Windows NT 10.0; Win64; x64) AppleWebKit/537.36 (KHTML, like Gecko) Chrome/147.0.0.0 Safari/537.36"
127.0.0.1 - - [15/Apr/2026:17:44:47 +0000] "GET /api/health HTTP/1.1" 200 292 "-" "curl/8.14.1"
172.19.0.4 - - [15/Apr/2026:17:45:02 +0000] "POST /api/auth/login HTTP/1.0" 200 321 "http://localhost/" "Mozilla/5.0 (Windows NT 10.0; Win64; x64) AppleWebKit/537.36 (KHTML, like Gecko) Chrome/147.0.0.0 Safari/537.36"
172.19.0.4 - - [15/Apr/2026:17:45:02 +0000] "GET /api/sources HTTP/1.0" 200 40 "http://localhost/" "Mozilla/5.0 (Windows NT 10.0; Win64; x64) AppleWebKit/537.36 (KHTML, like Gecko) Chrome/147.0.0.0 Safari/537.36"
172.19.0.4 - - [15/Apr/2026:17:45:12 +0000] "POST /api/sources/file HTTP/1.0" 200 423 "http://localhost/" "Mozilla/5.0 (Windows NT 10.0; Win64; x64) AppleWebKit/537.36 (KHTML, like Gecko) Chrome/147.0.0.0 Safari/537.36"
172.19.0.4 - - [15/Apr/2026:17:45:13 +0000] "GET /api/sources HTTP/1.0" 200 675 "http://localhost/" "Mozilla/5.0 (Windows NT 10.0; Win64; x64) AppleWebKit/537.36 (KHTML, like Gecko) Chrome/147.0.0.0 Safari/537.36"
172.19.0.4 - - [15/Apr/2026:17:45:16 +0000] "GET /api/data/insights/8f419bcc1d45037ac897e21b8810bae0 HTTP/1.0" 200 763 "http://localhost/" "Mozilla/5.0 (Windows NT 10.0; Win64; x64) AppleWebKit/537.36 (KHTML, like Gecko) Chrome/147.0.0.0 Safari/537.36"
127.0.0.1 - - [15/Apr/2026:17:45:19 +0000] "GET /api/health HTTP/1.1" 200 292 "-" "curl/8.14.1"
172.19.0.4 - - [15/Apr/2026:17:45:26 +0000] "POST /api/query HTTP/1.0" 500 123 "http://localhost/" "Mozilla/5.0 (Windows NT 10.0; Win64; x64) AppleWebKit/537.36 (KHTML, like Gecko) Chrome/147.0.0.0 Safari/537.36"
172.19.0.4 - - [15/Apr/2026:17:45:36 +0000] "GET /api/history?limit=50 HTTP/1.0" 200 40 "http://localhost/" "Mozilla/5.0 (Windows NT 10.0; Win64; x64) AppleWebKit/537.36 (KHTML, like Gecko) Chrome/147.0.0.0 Safari/537.36"
172.19.0.4 - - [15/Apr/2026:17:45:38 +0000] "GET /api/stats HTTP/1.0" 500 123 "http://localhost/" "Mozilla/5.0 (Windows NT 10.0; Win64; x64) AppleWebKit/537.36 (KHTML, like Gecko) Chrome/147.0.0.0 Safari/537.36"
172.19.0.4 - - [15/Apr/2026:17:45:40 +0000] "GET /api/history?limit=50 HTTP/1.0" 200 40 "http://localhost/" "Mozilla/5.0 (Windows NT 10.0; Win64; x64) AppleWebKit/537.36 (KHTML, like Gecko) Chrome/147.0.0.0 Safari/537.36"
127.0.0.1 - - [15/Apr/2026:17:45:52 +0000] "GET /api/health HTTP/1.1" 200 292 "-" "curl/8.14.1"
127.0.0.1 - - [15/Apr/2026:17:46:24 +0000] "GET /api/health HTTP/1.1" 200 292 "-" "curl/8.14.1"
172.19.0.4 - - [15/Apr/2026:17:46:33 +0000] "GET /api/history?limit=50 HTTP/1.0" 200 40 "http://localhost/" "Mozilla/5.0 (Windows NT 10.0; Win64; x64) AppleWebKit/537.36 (KHTML, like Gecko) Chrome/147.0.0.0 Safari/537.36"
172.19.0.4 - - [15/Apr/2026:17:46:34 +0000] "GET /api/stats HTTP/1.0" 500 123 "http://localhost/" "Mozilla/5.0 (Windows NT 10.0; Win64; x64) AppleWebKit/537.36 (KHTML, like Gecko) Chrome/147.0.0.0 Safari/537.36"
127.0.0.1 - - [15/Apr/2026:17:46:57 +0000] "GET /api/health HTTP/1.1" 200 292 "-" "curl/8.14.1"
172.19.0.4 - - [15/Apr/2026:17:47:16 +0000] "GET /api/history?limit=50 HTTP/1.0" 200 40 "http://localhost/" "Mozilla/5.0 (Windows NT 10.0; Win64; x64) AppleWebKit/537.36 (KHTML, like Gecko) Chrome/147.0.0.0 Safari/537.36"
172.19.0.4 - - [15/Apr/2026:17:47:16 +0000] "GET /api/stats HTTP/1.0" 500 123 "http://localhost/" "Mozilla/5.0 (Windows NT 10.0; Win64; x64) AppleWebKit/537.36 (KHTML, like Gecko) Chrome/147.0.0.0 Safari/537.36"
127.0.0.1 - - [15/Apr/2026:17:47:30 +0000] "GET /api/health HTTP/1.1" 200 292 "-" "curl/8.14.1"
172.19.0.4 - - [15/Apr/2026:17:47:35 +0000] "POST /api/auth/login HTTP/1.0" 200 321 "http://localhost/" "Mozilla/5.0 (Windows NT 10.0; Win64; x64) AppleWebKit/537.36 (KHTML, like Gecko) Chrome/147.0.0.0 Safari/537.36"
172.19.0.4 - - [15/Apr/2026:17:47:35 +0000] "GET /api/sources HTTP/1.0" 200 675 "http://localhost/" "Mozilla/5.0 (Windows NT 10.0; Win64; x64) AppleWebKit/537.36 (KHTML, like Gecko) Chrome/147.0.0.0 Safari/537.36"
172.19.0.4 - - [15/Apr/2026:17:47:37 +0000] "POST /api/auth/login HTTP/1.0" 200 321 "http://localhost/" "Mozilla/5.0 (Windows NT 10.0; Win64; x64) AppleWebKit/537.36 (KHTML, like Gecko) Chrome/147.0.0.0 Safari/537.36"
172.19.0.4 - - [15/Apr/2026:17:47:37 +0000] "GET /api/sources HTTP/1.0" 200 675 "http://localhost/" "Mozilla/5.0 (Windows NT 10.0; Win64; x64) AppleWebKit/537.36 (KHTML, like Gecko) Chrome/147.0.0.0 Safari/537.36"
172.19.0.4 - - [15/Apr/2026:17:47:45 +0000] "GET /api/history?limit=50 HTTP/1.0" 200 40 "http://localhost/" "Mozilla/5.0 (Windows NT 10.0; Win64; x64) AppleWebKit/537.36 (KHTML, like Gecko) Chrome/147.0.0.0 Safari/537.36"
127.0.0.1 - - [15/Apr/2026:17:48:02 +0000] "GET /api/health HTTP/1.1" 200 292 "-" "curl/8.14.1"
127.0.0.1 - - [15/Apr/2026:17:48:35 +0000] "GET /api/health HTTP/1.1" 200 292 "-" "curl/8.14.1"
127.0.0.1 - - [15/Apr/2026:17:49:08 +0000] "GET /api/health HTTP/1.1" 200 292 "-" "curl/8.14.1"
127.0.0.1 - - [15/Apr/2026:17:49:41 +0000] "GET /api/health HTTP/1.1" 200 292 "-" "curl/8.14.1"
127.0.0.1 - - [15/Apr/2026:17:50:13 +0000] "GET /api/health HTTP/1.1" 200 292 "-" "curl/8.14.1"
127.0.0.1 - - [15/Apr/2026:17:50:49 +0000] "GET /api/health HTTP/1.1" 200 292 "-" "curl/8.14.1"
127.0.0.1 - - [15/Apr/2026:17:50:52 +0000] "GET /api/health HTTP/1.1" 200 292 "-" "curl/8.14.1"
127.0.0.1 - - [15/Apr/2026:17:51:25 +0000] "GET /api/health HTTP/1.1" 200 292 "-" "curl/8.14.1"
127.0.0.1 - - [15/Apr/2026:17:51:57 +0000] "GET /api/health HTTP/1.1" 200 292 "-" "curl/8.14.1"
172.19.0.4 - - [15/Apr/2026:17:52:04 +0000] "POST /api/query HTTP/1.0" 400 167 "-" "Mozilla/5.0 (Windows NT; Windows NT 10.0; fr-FR) WindowsPowerShell/5.1.19041.6456"
127.0.0.1 - - [15/Apr/2026:17:52:30 +0000] "GET /api/health HTTP/1.1" 200 292 "-" "curl/8.14.1"
127.0.0.1 - - [15/Apr/2026:17:53:03 +0000] "GET /api/health HTTP/1.1" 200 292 "-" "curl/8.14.1"
127.0.0.1 - - [15/Apr/2026:17:53:35 +0000] "GET /api/health HTTP/1.1" 200 292 "-" "curl/8.14.1"
127.0.0.1 - - [15/Apr/2026:17:54:08 +0000] "GET /api/health HTTP/1.1" 200 292 "-" "curl/8.14.1"
127.0.0.1 - - [15/Apr/2026:17:54:40 +0000] "GET /api/health HTTP/1.1" 200 292 "-" "curl/8.14.1"
172.19.0.4 - - [15/Apr/2026:17:54:51 +0000] "GET /api/auth/me HTTP/1.0" 500 123 "http://localhost/" "Mozilla/5.0 (Windows NT 10.0; Win64; x64) AppleWebKit/537.36 (KHTML, like Gecko) Chrome/147.0.0.0 Safari/537.36"
172.19.0.4 - - [15/Apr/2026:17:54:59 +0000] "POST /api/auth/login HTTP/1.0" 200 321 "http://localhost/" "Mozilla/5.0 (Windows NT 10.0; Win64; x64) AppleWebKit/537.36 (KHTML, like Gecko) Chrome/147.0.0.0 Safari/537.36"
172.19.0.4 - - [15/Apr/2026:17:54:59 +0000] "GET /api/sources HTTP/1.0" 200 675 "http://localhost/" "Mozilla/5.0 (Windows NT 10.0; Win64; x64) AppleWebKit/537.36 (KHTML, like Gecko) Chrome/147.0.0.0 Safari/537.36"
172.19.0.4 - - [15/Apr/2026:17:55:13 +0000] "POST /api/query HTTP/1.0" 500 58 "http://localhost/" "Mozilla/5.0 (Windows NT 10.0; Win64; x64) AppleWebKit/537.36 (KHTML, like Gecko) Chrome/147.0.0.0 Safari/537.36"
127.0.0.1 - - [15/Apr/2026:17:55:13 +0000] "GET /api/health HTTP/1.1" 200 292 "-" "curl/8.14.1"
172.19.0.4 - - [15/Apr/2026:17:55:39 +0000] "POST /api/query HTTP/1.0" 500 58 "http://localhost/" "Mozilla/5.0 (Windows NT 10.0; Win64; x64) AppleWebKit/537.36 (KHTML, like Gecko) Chrome/147.0.0.0 Safari/537.36"
172.19.0.4 - - [15/Apr/2026:17:55:41 +0000] "POST /api/query HTTP/1.0" 500 58 "http://localhost/" "Mozilla/5.0 (Windows NT 10.0; Win64; x64) AppleWebKit/537.36 (KHTML, like Gecko) Chrome/147.0.0.0 Safari/537.36"
172.19.0.4 - - [15/Apr/2026:17:55:44 +0000] "POST /api/query HTTP/1.0" 500 58 "http://localhost/" "Mozilla/5.0 (Windows NT 10.0; Win64; x64) AppleWebKit/537.36 (KHTML, like Gecko) Chrome/147.0.0.0 Safari/537.36"
127.0.0.1 - - [15/Apr/2026:17:55:45 +0000] "GET /api/health HTTP/1.1" 200 292 "-" "curl/8.14.1"
172.19.0.4 - - [15/Apr/2026:17:55:46 +0000] "GET /api/history?limit=50 HTTP/1.0" 200 40 "http://localhost/" "Mozilla/5.0 (Windows NT 10.0; Win64; x64) AppleWebKit/537.36 (KHTML, like Gecko) Chrome/147.0.0.0 Safari/537.36"
172.19.0.4 - - [15/Apr/2026:17:55:47 +0000] "GET /api/stats HTTP/1.0" 500 123 "http://localhost/" "Mozilla/5.0 (Windows NT 10.0; Win64; x64) AppleWebKit/537.36 (KHTML, like Gecko) Chrome/147.0.0.0 Safari/537.36"
127.0.0.1 - - [15/Apr/2026:17:56:18 +0000] "GET /api/health HTTP/1.1" 200 292 "-" "curl/8.14.1"
127.0.0.1 - - [15/Apr/2026:17:56:51 +0000] "GET /api/health HTTP/1.1" 200 292 "-" "curl/8.14.1"
127.0.0.1 - - [15/Apr/2026:17:57:23 +0000] "GET /api/health HTTP/1.1" 200 292 "-" "curl/8.14.1"
127.0.0.1 - - [15/Apr/2026:17:57:56 +0000] "GET /api/health HTTP/1.1" 200 292 "-" "curl/8.14.1"
127.0.0.1 - - [15/Apr/2026:17:58:29 +0000] "GET /api/health HTTP/1.1" 200 292 "-" "curl/8.14.1"
127.0.0.1 - - [15/Apr/2026:17:59:01 +0000] "GET /api/health HTTP/1.1" 200 292 "-" "curl/8.14.1"
127.0.0.1 - - [15/Apr/2026:17:59:35 +0000] "GET /api/health HTTP/1.1" 200 292 "-" "curl/8.14.1"
127.0.0.1 - - [15/Apr/2026:18:00:04 +0000] "GET /api/health HTTP/1.1" 200 292 "-" "curl/8.14.1"
127.0.0.1 - - [15/Apr/2026:18:00:36 +0000] "GET /api/health HTTP/1.1" 200 292 "-" "curl/8.14.1"
127.0.0.1 - - [15/Apr/2026:18:01:09 +0000] "GET /api/health HTTP/1.1" 200 292 "-" "curl/8.14.1"
127.0.0.1 - - [15/Apr/2026:18:01:41 +0000] "GET /api/health HTTP/1.1" 200 292 "-" "curl/8.14.1"
127.0.0.1 - - [15/Apr/2026:18:02:14 +0000] "GET /api/health HTTP/1.1" 200 292 "-" "curl/8.14.1"
127.0.0.1 - - [15/Apr/2026:18:02:46 +0000] "GET /api/health HTTP/1.1" 200 292 "-" "curl/8.14.1"
127.0.0.1 - - [15/Apr/2026:18:03:19 +0000] "GET /api/health HTTP/1.1" 200 292 "-" "curl/8.14.1"
127.0.0.1 - - [15/Apr/2026:18:03:52 +0000] "GET /api/health HTTP/1.1" 200 292 "-" "curl/8.14.1"
127.0.0.1 - - [15/Apr/2026:18:04:24 +0000] "GET /api/health HTTP/1.1" 200 292 "-" "curl/8.14.1"
127.0.0.1 - - [15/Apr/2026:18:04:57 +0000] "GET /api/health HTTP/1.1" 200 292 "-" "curl/8.14.1"
127.0.0.1 - - [15/Apr/2026:18:05:29 +0000] "GET /api/health HTTP/1.1" 200 292 "-" "curl/8.14.1"
127.0.0.1 - - [15/Apr/2026:18:06:02 +0000] "GET /api/health HTTP/1.1" 200 292 "-" "curl/8.14.1"
127.0.0.1 - - [15/Apr/2026:18:15:23 +0000] "GET /api/health HTTP/1.1" 200 292 "-" "curl/8.14.1"
127.0.0.1 - - [15/Apr/2026:18:15:53 +0000] "GET /api/health HTTP/1.1" 200 292 "-" "curl/8.14.1"
127.0.0.1 - - [15/Apr/2026:18:16:28 +0000] "GET /api/health HTTP/1.1" 200 292 "-" "curl/8.14.1"
127.0.0.1 - - [15/Apr/2026:18:16:58 +0000] "GET /api/health HTTP/1.1" 200 292 "-" "curl/8.14.1"
127.0.0.1 - - [15/Apr/2026:18:17:32 +0000] "GET /api/health HTTP/1.1" 200 292 "-" "curl/8.14.1"
172.19.0.3 - - [15/Apr/2026:18:17:47 +0000] "POST /api/auth/login HTTP/1.0" 200 321 "-" "Mozilla/5.0 (Windows NT; Windows NT 10.0; fr-FR) WindowsPowerShell/5.1.19041.6456"
127.0.0.1 - - [15/Apr/2026:18:18:03 +0000] "GET /api/health HTTP/1.1" 200 292 "-" "curl/8.14.1"
172.19.0.3 - - [15/Apr/2026:18:18:28 +0000] "GET /api/auth/me HTTP/1.0" 500 123 "http://localhost/" "Mozilla/5.0 (Windows NT 10.0; Win64; x64) AppleWebKit/537.36 (KHTML, like Gecko) Chrome/147.0.0.0 Safari/537.36"
127.0.0.1 - - [15/Apr/2026:18:18:37 +0000] "GET /api/health HTTP/1.1" 200 292 "-" "curl/8.14.1"
172.19.0.3 - - [15/Apr/2026:18:18:43 +0000] "POST /api/auth/login HTTP/1.0" 200 321 "http://localhost/" "Mozilla/5.0 (Windows NT 10.0; Win64; x64) AppleWebKit/537.36 (KHTML, like Gecko) Chrome/147.0.0.0 Safari/537.36"
172.19.0.3 - - [15/Apr/2026:18:18:43 +0000] "GET /api/sources HTTP/1.0" 200 675 "http://localhost/" "Mozilla/5.0 (Windows NT 10.0; Win64; x64) AppleWebKit/537.36 (KHTML, like Gecko) Chrome/147.0.0.0 Safari/537.36"
172.19.0.3 - - [15/Apr/2026:18:19:03 +0000] "POST /api/query HTTP/1.0" 500 339 "http://localhost/" "Mozilla/5.0 (Windows NT 10.0; Win64; x64) AppleWebKit/537.36 (KHTML, like Gecko) Chrome/147.0.0.0 Safari/537.36"
127.0.0.1 - - [15/Apr/2026:18:19:10 +0000] "GET /api/health HTTP/1.1" 200 292 "-" "curl/8.14.1"
127.0.0.1 - - [15/Apr/2026:18:19:41 +0000] "GET /api/health HTTP/1.1" 200 292 "-" "curl/8.14.1"
127.0.0.1 - - [15/Apr/2026:18:20:15 +0000] "GET /api/health HTTP/1.1" 200 292 "-" "curl/8.14.1"
127.0.0.1 - - [15/Apr/2026:18:20:48 +0000] "GET /api/health HTTP/1.1" 200 292 "-" "curl/8.14.1"
127.0.0.1 - - [15/Apr/2026:18:21:22 +0000] "GET /api/health HTTP/1.1" 200 292 "-" "curl/8.14.1"
127.0.0.1 - - [15/Apr/2026:18:21:53 +0000] "GET /api/health HTTP/1.1" 200 292 "-" "curl/8.14.1"
127.0.0.1 - - [15/Apr/2026:18:22:26 +0000] "GET /api/health HTTP/1.1" 200 292 "-" "curl/8.14.1"
127.0.0.1 - - [15/Apr/2026:18:22:59 +0000] "GET /api/health HTTP/1.1" 200 292 "-" "curl/8.14.1"
127.0.0.1 - - [15/Apr/2026:18:23:31 +0000] "GET /api/health HTTP/1.1" 200 292 "-" "curl/8.14.1"
127.0.0.1 - - [15/Apr/2026:18:24:04 +0000] "GET /api/health HTTP/1.1" 200 292 "-" "curl/8.14.1"
127.0.0.1 - - [15/Apr/2026:18:24:33 +0000] "GET /api/health HTTP/1.1" 200 292 "-" "curl/8.14.1"
172.19.0.3 - - [15/Apr/2026:18:24:49 +0000] "POST /api/query HTTP/1.0" 400 167 "-" "Mozilla/5.0 (Windows NT; Windows NT 10.0; fr-FR) WindowsPowerShell/5.1.19041.6456"
127.0.0.1 - - [15/Apr/2026:18:25:06 +0000] "GET /api/health HTTP/1.1" 200 292 "-" "curl/8.14.1"
127.0.0.1 - - [15/Apr/2026:18:25:39 +0000] "GET /api/health HTTP/1.1" 200 292 "-" "curl/8.14.1"
172.19.0.3 - - [15/Apr/2026:18:25:47 +0000] "POST /api/auth/login HTTP/1.0" 200 321 "http://localhost/" "Mozilla/5.0 (Windows NT 10.0; Win64; x64) AppleWebKit/537.36 (KHTML, like Gecko) Chrome/147.0.0.0 Safari/537.36"
172.19.0.3 - - [15/Apr/2026:18:25:47 +0000] "GET /api/sources HTTP/1.0" 200 1413 "http://localhost/" "Mozilla/5.0 (Windows NT 10.0; Win64; x64) AppleWebKit/537.36 (KHTML, like Gecko) Chrome/147.0.0.0 Safari/537.36"
172.19.0.3 - - [15/Apr/2026:18:25:51 +0000] "POST /api/query HTTP/1.0" 500 42 "http://localhost/" "Mozilla/5.0 (Windows NT 10.0; Win64; x64) AppleWebKit/537.36 (KHTML, like Gecko) Chrome/147.0.0.0 Safari/537.36"
172.19.0.3 - - [15/Apr/2026:18:25:55 +0000] "GET /api/auth/me HTTP/1.0" 500 123 "http://localhost/" "Mozilla/5.0 (Windows NT 10.0; Win64; x64) AppleWebKit/537.36 (KHTML, like Gecko) Chrome/147.0.0.0 Safari/537.36"
172.19.0.3 - - [15/Apr/2026:18:25:57 +0000] "GET /api/auth/me HTTP/1.0" 500 123 "http://localhost/" "Mozilla/5.0 (Windows NT 10.0; Win64; x64) AppleWebKit/537.36 (KHTML, like Gecko) Chrome/147.0.0.0 Safari/537.36"
172.19.0.3 - - [15/Apr/2026:18:26:06 +0000] "POST /api/auth/login HTTP/1.0" 200 321 "http://localhost/" "Mozilla/5.0 (Windows NT 10.0; Win64; x64) AppleWebKit/537.36 (KHTML, like Gecko) Chrome/147.0.0.0 Safari/537.36"
172.19.0.3 - - [15/Apr/2026:18:26:06 +0000] "GET /api/sources HTTP/1.0" 200 1413 "http://localhost/" "Mozilla/5.0 (Windows NT 10.0; Win64; x64) AppleWebKit/537.36 (KHTML, like Gecko) Chrome/147.0.0.0 Safari/537.36"
127.0.0.1 - - [15/Apr/2026:18:26:12 +0000] "GET /api/health HTTP/1.1" 200 292 "-" "curl/8.14.1"
172.19.0.3 - - [15/Apr/2026:18:26:13 +0000] "POST /api/query HTTP/1.0" 500 42 "http://localhost/" "Mozilla/5.0 (Windows NT 10.0; Win64; x64) AppleWebKit/537.36 (KHTML, like Gecko) Chrome/147.0.0.0 Safari/537.36"
127.0.0.1 - - [15/Apr/2026:18:26:44 +0000] "GET /api/health HTTP/1.1" 200 292 "-" "curl/8.14.1"
127.0.0.1 - - [15/Apr/2026:18:27:17 +0000] "GET /api/health HTTP/1.1" 200 292 "-" "curl/8.14.1"
127.0.0.1 - - [15/Apr/2026:18:27:28 +0000] "GET /api/health HTTP/1.1" 200 292 "-" "curl/8.14.1"
172.19.0.3 - - [15/Apr/2026:18:27:43 +0000] "GET /api/auth/me HTTP/1.0" 500 123 "http://localhost/" "Mozilla/5.0 (Windows NT 10.0; Win64; x64) AppleWebKit/537.36 (KHTML, like Gecko) Chrome/147.0.0.0 Safari/537.36"
172.19.0.3 - - [15/Apr/2026:18:27:51 +0000] "POST /api/auth/login HTTP/1.0" 200 321 "http://localhost/" "Mozilla/5.0 (Windows NT 10.0; Win64; x64) AppleWebKit/537.36 (KHTML, like Gecko) Chrome/147.0.0.0 Safari/537.36"
172.19.0.3 - - [15/Apr/2026:18:27:52 +0000] "GET /api/sources HTTP/1.0" 200 1413 "http://localhost/" "Mozilla/5.0 (Windows NT 10.0; Win64; x64) AppleWebKit/537.36 (KHTML, like Gecko) Chrome/147.0.0.0 Safari/537.36"
172.19.0.3 - - [15/Apr/2026:18:27:57 +0000] "POST /api/query HTTP/1.0" 500 64 "http://localhost/" "Mozilla/5.0 (Windows NT 10.0; Win64; x64) AppleWebKit/537.36 (KHTML, like Gecko) Chrome/147.0.0.0 Safari/537.36"
127.0.0.1 - - [15/Apr/2026:18:27:58 +0000] "GET /api/health HTTP/1.1" 200 292 "-" "curl/8.14.1"
172.19.0.3 - - [15/Apr/2026:18:28:29 +0000] "GET /api/history?limit=50 HTTP/1.0" 200 1005 "http://localhost/" "Mozilla/5.0 (Windows NT 10.0; Win64; x64) AppleWebKit/537.36 (KHTML, like Gecko) Chrome/147.0.0.0 Safari/537.36"
127.0.0.1 - - [15/Apr/2026:18:28:33 +0000] "GET /api/health HTTP/1.1" 200 292 "-" "curl/8.14.1"
172.19.0.3 - - [15/Apr/2026:18:28:39 +0000] "POST /api/query HTTP/1.0" 500 64 "http://localhost/" "Mozilla/5.0 (Windows NT 10.0; Win64; x64) AppleWebKit/537.36 (KHTML, like Gecko) Chrome/147.0.0.0 Safari/537.36"
172.19.0.3 - - [15/Apr/2026:18:28:41 +0000] "GET /api/history?limit=50 HTTP/1.0" 200 1970 "http://localhost/" "Mozilla/5.0 (Windows NT 10.0; Win64; x64) AppleWebKit/537.36 (KHTML, like Gecko) Chrome/147.0.0.0 Safari/537.36"
127.0.0.1 - - [15/Apr/2026:18:29:06 +0000] "GET /api/health HTTP/1.1" 200 292 "-" "curl/8.14.1"
127.0.0.1 - - [15/Apr/2026:18:29:37 +0000] "GET /api/health HTTP/1.1" 200 292 "-" "curl/8.14.1"
127.0.0.1 - - [15/Apr/2026:18:30:13 +0000] "GET /api/health HTTP/1.1" 200 292 "-" "curl/8.14.1"
127.0.0.1 - - [15/Apr/2026:18:30:45 +0000] "GET /api/health HTTP/1.1" 200 292 "-" "curl/8.14.1"
127.0.0.1 - - [15/Apr/2026:18:31:19 +0000] "GET /api/health HTTP/1.1" 200 292 "-" "curl/8.14.1"
127.0.0.1 - - [15/Apr/2026:18:31:52 +0000] "GET /api/health HTTP/1.1" 200 292 "-" "curl/8.14.1"
127.0.0.1 - - [15/Apr/2026:18:32:25 +0000] "GET /api/health HTTP/1.1" 200 292 "-" "curl/8.14.1"
127.0.0.1 - - [15/Apr/2026:18:32:58 +0000] "GET /api/health HTTP/1.1" 200 292 "-" "curl/8.14.1"
127.0.0.1 - - [15/Apr/2026:18:33:31 +0000] "GET /api/health HTTP/1.1" 200 292 "-" "curl/8.14.1"
127.0.0.1 - - [15/Apr/2026:18:34:05 +0000] "GET /api/health HTTP/1.1" 200 292 "-" "curl/8.14.1"
127.0.0.1 - - [15/Apr/2026:18:34:38 +0000] "GET /api/health HTTP/1.1" 200 292 "-" "curl/8.14.1"
127.0.0.1 - - [15/Apr/2026:18:35:10 +0000] "GET /api/health HTTP/1.1" 200 292 "-" "curl/8.14.1"
127.0.0.1 - - [15/Apr/2026:18:35:42 +0000] "GET /api/health HTTP/1.1" 200 292 "-" "curl/8.14.1"
127.0.0.1 - - [15/Apr/2026:18:36:20 +0000] "GET /api/health HTTP/1.1" 200 292 "-" "curl/8.14.1"
127.0.0.1 - - [15/Apr/2026:18:36:23 +0000] "GET /api/health HTTP/1.1" 200 292 "-" "curl/8.14.1"
127.0.0.1 - - [15/Apr/2026:18:36:56 +0000] "GET /api/health HTTP/1.1" 200 292 "-" "curl/8.14.1"
127.0.0.1 - - [15/Apr/2026:18:37:30 +0000] "GET /api/health HTTP/1.1" 200 292 "-" "curl/8.14.1"
127.0.0.1 - - [15/Apr/2026:18:38:03 +0000] "GET /api/health HTTP/1.1" 200 292 "-" "curl/8.14.1"
127.0.0.1 - - [15/Apr/2026:18:38:36 +0000] "GET /api/health HTTP/1.1" 200 292 "-" "curl/8.14.1"
127.0.0.1 - - [15/Apr/2026:18:39:10 +0000] "GET /api/health HTTP/1.1" 200 292 "-" "curl/8.14.1"
172.19.0.3 - - [15/Apr/2026:18:39:40 +0000] "POST /api/query HTTP/1.0" 400 167 "-" "Mozilla/5.0 (Windows NT; Windows NT 10.0; fr-FR) WindowsPowerShell/5.1.19041.6456"
127.0.0.1 - - [15/Apr/2026:18:39:43 +0000] "GET /api/health HTTP/1.1" 200 292 "-" "curl/8.14.1"
172.19.0.3 - - [15/Apr/2026:18:39:55 +0000] "POST /api/query HTTP/1.0" 200 894 "http://localhost/" "Mozilla/5.0 (Windows NT 10.0; Win64; x64) AppleWebKit/537.36 (KHTML, like Gecko) Chrome/147.0.0.0 Safari/537.36"
127.0.0.1 - - [15/Apr/2026:18:40:16 +0000] "GET /api/health HTTP/1.1" 200 292 "-" "curl/8.14.1"
127.0.0.1 - - [15/Apr/2026:18:40:50 +0000] "GET /api/health HTTP/1.1" 200 292 "-" "curl/8.14.1"
127.0.0.1 - - [15/Apr/2026:18:41:23 +0000] "GET /api/health HTTP/1.1" 200 292 "-" "curl/8.14.1"
127.0.0.1 - - [15/Apr/2026:18:41:56 +0000] "GET /api/health HTTP/1.1" 200 292 "-" "curl/8.14.1"
127.0.0.1 - - [15/Apr/2026:18:42:29 +0000] "GET /api/health HTTP/1.1" 200 292 "-" "curl/8.14.1"
127.0.0.1 - - [15/Apr/2026:18:43:03 +0000] "GET /api/health HTTP/1.1" 200 292 "-" "curl/8.14.1"
127.0.0.1 - - [15/Apr/2026:18:43:36 +0000] "GET /api/health HTTP/1.1" 200 292 "-" "curl/8.14.1"
127.0.0.1 - - [15/Apr/2026:18:44:09 +0000] "GET /api/health HTTP/1.1" 200 292 "-" "curl/8.14.1"
127.0.0.1 - - [15/Apr/2026:18:44:43 +0000] "GET /api/health HTTP/1.1" 200 292 "-" "curl/8.14.1"
127.0.0.1 - - [15/Apr/2026:18:45:17 +0000] "GET /api/health HTTP/1.1" 200 292 "-" "curl/8.14.1"
127.0.0.1 - - [15/Apr/2026:18:45:50 +0000] "GET /api/health HTTP/1.1" 200 292 "-" "curl/8.14.1"
127.0.0.1 - - [15/Apr/2026:18:46:23 +0000] "GET /api/health HTTP/1.1" 200 292 "-" "curl/8.14.1"
127.0.0.1 - - [15/Apr/2026:18:46:57 +0000] "GET /api/health HTTP/1.1" 200 292 "-" "curl/8.14.1"
127.0.0.1 - - [15/Apr/2026:18:47:30 +0000] "GET /api/health HTTP/1.1" 200 292 "-" "curl/8.14.1"
127.0.0.1 - - [15/Apr/2026:18:48:03 +0000] "GET /api/health HTTP/1.1" 200 292 "-" "curl/8.14.1"
127.0.0.1 - - [15/Apr/2026:18:48:37 +0000] "GET /api/health HTTP/1.1" 200 292 "-" "curl/8.14.1"
172.19.0.3 - - [15/Apr/2026:18:48:54 +0000] "POST /api/query HTTP/1.0" 200 972 "http://localhost/" "Mozilla/5.0 (Windows NT 10.0; Win64; x64) AppleWebKit/537.36 (KHTML, like Gecko) Chrome/147.0.0.0 Safari/537.36"
127.0.0.1 - - [15/Apr/2026:18:49:10 +0000] "GET /api/health HTTP/1.1" 200 292 "-" "curl/8.14.1"
127.0.0.1 - - [15/Apr/2026:18:49:44 +0000] "GET /api/health HTTP/1.1" 200 292 "-" "curl/8.14.1"
127.0.0.1 - - [15/Apr/2026:18:50:18 +0000] "GET /api/health HTTP/1.1" 200 292 "-" "curl/8.14.1"
127.0.0.1 - - [15/Apr/2026:18:50:51 +0000] "GET /api/health HTTP/1.1" 200 292 "-" "curl/8.14.1"
127.0.0.1 - - [15/Apr/2026:18:51:25 +0000] "GET /api/health HTTP/1.1" 200 292 "-" "curl/8.14.1"
127.0.0.1 - - [15/Apr/2026:18:51:58 +0000] "GET /api/health HTTP/1.1" 200 292 "-" "curl/8.14.1"
127.0.0.1 - - [15/Apr/2026:18:52:31 +0000] "GET /api/health HTTP/1.1" 200 292 "-" "curl/8.14.1"
127.0.0.1 - - [15/Apr/2026:18:53:05 +0000] "GET /api/health HTTP/1.1" 200 292 "-" "curl/8.14.1"
127.0.0.1 - - [15/Apr/2026:18:53:38 +0000] "GET /api/health HTTP/1.1" 200 292 "-" "curl/8.14.1"
127.0.0.1 - - [15/Apr/2026:18:54:12 +0000] "GET /api/health HTTP/1.1" 200 292 "-" "curl/8.14.1"
127.0.0.1 - - [15/Apr/2026:18:54:46 +0000] "GET /api/health HTTP/1.1" 200 292 "-" "curl/8.14.1"
127.0.0.1 - - [15/Apr/2026:18:55:19 +0000] "GET /api/health HTTP/1.1" 200 292 "-" "curl/8.14.1"
127.0.0.1 - - [15/Apr/2026:18:55:52 +0000] "GET /api/health HTTP/1.1" 200 292 "-" "curl/8.14.1"
127.0.0.1 - - [15/Apr/2026:18:56:26 +0000] "GET /api/health HTTP/1.1" 200 292 "-" "curl/8.14.1"
127.0.0.1 - - [15/Apr/2026:18:57:00 +0000] "GET /api/health HTTP/1.1" 200 292 "-" "curl/8.14.1"
127.0.0.1 - - [15/Apr/2026:18:57:33 +0000] "GET /api/health HTTP/1.1" 200 292 "-" "curl/8.14.1"
127.0.0.1 - - [15/Apr/2026:18:58:07 +0000] "GET /api/health HTTP/1.1" 200 292 "-" "curl/8.14.1"
127.0.0.1 - - [15/Apr/2026:18:58:41 +0000] "GET /api/health HTTP/1.1" 200 292 "-" "curl/8.14.1"
127.0.0.1 - - [15/Apr/2026:18:59:15 +0000] "GET /api/health HTTP/1.1" 200 292 "-" "curl/8.14.1"
127.0.0.1 - - [15/Apr/2026:18:59:49 +0000] "GET /api/health HTTP/1.1" 200 292 "-" "curl/8.14.1"
127.0.0.1 - - [15/Apr/2026:19:00:22 +0000] "GET /api/health HTTP/1.1" 200 292 "-" "curl/8.14.1"
127.0.0.1 - - [15/Apr/2026:19:00:57 +0000] "GET /api/health HTTP/1.1" 200 292 "-" "curl/8.14.1"
127.0.0.1 - - [15/Apr/2026:19:01:31 +0000] "GET /api/health HTTP/1.1" 200 292 "-" "curl/8.14.1"
127.0.0.1 - - [15/Apr/2026:19:02:05 +0000] "GET /api/health HTTP/1.1" 200 292 "-" "curl/8.14.1"
127.0.0.1 - - [15/Apr/2026:19:02:38 +0000] "GET /api/health HTTP/1.1" 200 292 "-" "curl/8.14.1"
127.0.0.1 - - [15/Apr/2026:19:03:11 +0000] "GET /api/health HTTP/1.1" 200 292 "-" "curl/8.14.1"
127.0.0.1 - - [15/Apr/2026:19:03:45 +0000] "GET /api/health HTTP/1.1" 200 292 "-" "curl/8.14.1"
172.19.0.3 - - [15/Apr/2026:19:03:59 +0000] "POST /api/%20sources%20/%2016af8dca-62ea-4345-aab5-fc3b0de21b61/refresh HTTP/1.0" 404 51 "http://localhost/" "Mozilla/5.0 (Windows NT 10.0; Win64; x64) AppleWebKit/537.36 (KHTML, like Gecko) Chrome/147.0.0.0 Safari/537.36"
172.19.0.3 - - [15/Apr/2026:19:04:01 +0000] "POST /api/%20sources%20/%20ee2a6464-b4b3-4da1-a29f-164db66d9518/refresh HTTP/1.0" 404 51 "http://localhost/" "Mozilla/5.0 (Windows NT 10.0; Win64; x64) AppleWebKit/537.36 (KHTML, like Gecko) Chrome/147.0.0.0 Safari/537.36"
127.0.0.1 - - [15/Apr/2026:19:04:18 +0000] "GET /api/health HTTP/1.1" 200 292 "-" "curl/8.14.1"
172.19.0.3 - - [15/Apr/2026:19:04:30 +0000] "POST /api/sources/file HTTP/1.0" 200 143 "http://localhost/" "Mozilla/5.0 (Windows NT 10.0; Win64; x64) AppleWebKit/537.36 (KHTML, like Gecko) Chrome/147.0.0.0 Safari/537.36"
172.19.0.3 - - [15/Apr/2026:19:04:30 +0000] "GET /api/sources HTTP/1.0" 200 1745 "http://localhost/" "Mozilla/5.0 (Windows NT 10.0; Win64; x64) AppleWebKit/537.36 (KHTML, like Gecko) Chrome/147.0.0.0 Safari/537.36"
172.19.0.3 - - [15/Apr/2026:19:04:36 +0000] "POST /api/sources/file HTTP/1.0" 200 138 "http://localhost/" "Mozilla/5.0 (Windows NT 10.0; Win64; x64) AppleWebKit/537.36 (KHTML, like Gecko) Chrome/147.0.0.0 Safari/537.36"
172.19.0.3 - - [15/Apr/2026:19:04:36 +0000] "GET /api/sources HTTP/1.0" 200 2067 "http://localhost/" "Mozilla/5.0 (Windows NT 10.0; Win64; x64) AppleWebKit/537.36 (KHTML, like Gecko) Chrome/147.0.0.0 Safari/537.36"
172.19.0.3 - - [15/Apr/2026:19:04:47 +0000] "POST /api/sources/file HTTP/1.0" 200 139 "http://localhost/" "Mozilla/5.0 (Windows NT 10.0; Win64; x64) AppleWebKit/537.36 (KHTML, like Gecko) Chrome/147.0.0.0 Safari/537.36"
172.19.0.3 - - [15/Apr/2026:19:04:48 +0000] "GET /api/sources HTTP/1.0" 200 2391 "http://localhost/" "Mozilla/5.0 (Windows NT 10.0; Win64; x64) AppleWebKit/537.36 (KHTML, like Gecko) Chrome/147.0.0.0 Safari/537.36"
127.0.0.1 - - [15/Apr/2026:19:04:54 +0000] "GET /api/health HTTP/1.1" 200 292 "-" "curl/8.14.1"
127.0.0.1 - - [15/Apr/2026:19:05:25 +0000] "GET /api/health HTTP/1.1" 200 292 "-" "curl/8.14.1"
172.19.0.3 - - [15/Apr/2026:19:05:58 +0000] "POST /api/query HTTP/1.0" 200 952 "http://localhost/" "Mozilla/5.0 (Windows NT 10.0; Win64; x64) AppleWebKit/537.36 (KHTML, like Gecko) Chrome/147.0.0.0 Safari/537.36"
127.0.0.1 - - [15/Apr/2026:19:05:59 +0000] "GET /api/health HTTP/1.1" 200 292 "-" "curl/8.14.1"
172.19.0.3 - - [15/Apr/2026:19:06:15 +0000] "GET /api/history?limit=50 HTTP/1.0" 200 5053 "http://localhost/" "Mozilla/5.0 (Windows NT 10.0; Win64; x64) AppleWebKit/537.36 (KHTML, like Gecko) Chrome/147.0.0.0 Safari/537.36"
172.19.0.3 - - [15/Apr/2026:19:06:33 +0000] "POST /api/query HTTP/1.0" 200 951 "http://localhost/" "Mozilla/5.0 (Windows NT 10.0; Win64; x64) AppleWebKit/537.36 (KHTML, like Gecko) Chrome/147.0.0.0 Safari/537.36"
127.0.0.1 - - [15/Apr/2026:19:06:34 +0000] "GET /api/health HTTP/1.1" 200 292 "-" "curl/8.14.1"
127.0.0.1 - - [15/Apr/2026:19:07:06 +0000] "GET /api/health HTTP/1.1" 200 292 "-" "curl/8.14.1"
127.0.0.1 - - [15/Apr/2026:19:07:40 +0000] "GET /api/health HTTP/1.1" 200 292 "-" "curl/8.14.1"
127.0.0.1 - - [15/Apr/2026:19:08:13 +0000] "GET /api/health HTTP/1.1" 200 292 "-" "curl/8.14.1"
127.0.0.1 - - [15/Apr/2026:19:08:48 +0000] "GET /api/health HTTP/1.1" 200 292 "-" "curl/8.14.1"
127.0.0.1 - - [15/Apr/2026:19:09:21 +0000] "GET /api/health HTTP/1.1" 200 292 "-" "curl/8.14.1"
172.19.0.3 - - [15/Apr/2026:19:09:36 +0000] "GET /api/history?limit=50 HTTP/1.0" 200 6092 "http://localhost/" "Mozilla/5.0 (Windows NT 10.0; Win64; x64) AppleWebKit/537.36 (KHTML, like Gecko) Chrome/147.0.0.0 Safari/537.36"
172.19.0.3 - - [15/Apr/2026:19:09:40 +0000] "GET /api/stats HTTP/1.0" 500 123 "http://localhost/" "Mozilla/5.0 (Windows NT 10.0; Win64; x64) AppleWebKit/537.36 (KHTML, like Gecko) Chrome/147.0.0.0 Safari/537.36"
127.0.0.1 - - [15/Apr/2026:19:09:55 +0000] "GET /api/health HTTP/1.1" 200 292 "-" "curl/8.14.1"
172.19.0.3 - - [15/Apr/2026:19:10:05 +0000] "POST /api/query HTTP/1.0" 200 1424 "http://localhost/" "Mozilla/5.0 (Windows NT 10.0; Win64; x64) AppleWebKit/537.36 (KHTML, like Gecko) Chrome/147.0.0.0 Safari/537.36"
172.19.0.3 - - [15/Apr/2026:19:10:15 +0000] "GET /api/history?limit=50 HTTP/1.0" 200 7658 "http://localhost/" "Mozilla/5.0 (Windows NT 10.0; Win64; x64) AppleWebKit/537.36 (KHTML, like Gecko) Chrome/147.0.0.0 Safari/537.36"
127.0.0.1 - - [15/Apr/2026:19:10:28 +0000] "GET /api/health HTTP/1.1" 200 292 "-" "curl/8.14.1"
172.19.0.3 - - [15/Apr/2026:19:10:45 +0000] "POST /api/%20sources%20/%2016af8dca-62ea-4345-aab5-fc3b0de21b61/refresh HTTP/1.0" 404 51 "http://localhost/" "Mozilla/5.0 (Windows NT 10.0; Win64; x64) AppleWebKit/537.36 (KHTML, like Gecko) Chrome/147.0.0.0 Safari/537.36"
172.19.0.3 - - [15/Apr/2026:19:10:47 +0000] "POST /api/%20sources%20/%20ee2a6464-b4b3-4da1-a29f-164db66d9518/refresh HTTP/1.0" 404 51 "http://localhost/" "Mozilla/5.0 (Windows NT 10.0; Win64; x64) AppleWebKit/537.36 (KHTML, like Gecko) Chrome/147.0.0.0 Safari/537.36"
172.19.0.3 - - [15/Apr/2026:19:10:50 +0000] "DELETE /api/sources/16af8dca-62ea-4345-aab5-fc3b0de21b61 HTTP/1.0" 200 51 "http://localhost/" "Mozilla/5.0 (Windows NT 10.0; Win64; x64) AppleWebKit/537.36 (KHTML, like Gecko) Chrome/147.0.0.0 Safari/537.36"
172.19.0.3 - - [15/Apr/2026:19:10:50 +0000] "GET /api/sources HTTP/1.0" 200 2150 "http://localhost/" "Mozilla/5.0 (Windows NT 10.0; Win64; x64) AppleWebKit/537.36 (KHTML, like Gecko) Chrome/147.0.0.0 Safari/537.36"
172.19.0.3 - - [15/Apr/2026:19:10:53 +0000] "DELETE /api/sources/ee2a6464-b4b3-4da1-a29f-164db66d9518 HTTP/1.0" 200 51 "http://localhost/" "Mozilla/5.0 (Windows NT 10.0; Win64; x64) AppleWebKit/537.36 (KHTML, like Gecko) Chrome/147.0.0.0 Safari/537.36"
172.19.0.3 - - [15/Apr/2026:19:10:53 +0000] "GET /api/sources HTTP/1.0" 200 1898 "http://localhost/" "Mozilla/5.0 (Windows NT 10.0; Win64; x64) AppleWebKit/537.36 (KHTML, like Gecko) Chrome/147.0.0.0 Safari/537.36"
172.19.0.3 - - [15/Apr/2026:19:10:55 +0000] "DELETE /api/sources/5d062630-1f5b-46f4-a086-28171941b19e HTTP/1.0" 200 51 "http://localhost/" "Mozilla/5.0 (Windows NT 10.0; Win64; x64) AppleWebKit/537.36 (KHTML, like Gecko) Chrome/147.0.0.0 Safari/537.36"
172.19.0.3 - - [15/Apr/2026:19:10:55 +0000] "GET /api/sources HTTP/1.0" 200 1653 "http://localhost/" "Mozilla/5.0 (Windows NT 10.0; Win64; x64) AppleWebKit/537.36 (KHTML, like Gecko) Chrome/147.0.0.0 Safari/537.36"
127.0.0.1 - - [15/Apr/2026:19:11:02 +0000] "GET /api/health HTTP/1.1" 200 292 "-" "curl/8.14.1"
172.19.0.3 - - [15/Apr/2026:19:11:19 +0000] "GET /api/history?limit=50 HTTP/1.0" 200 7658 "http://localhost/" "Mozilla/5.0 (Windows NT 10.0; Win64; x64) AppleWebKit/537.36 (KHTML, like Gecko) Chrome/147.0.0.0 Safari/537.36"
127.0.0.1 - - [15/Apr/2026:19:11:35 +0000] "GET /api/health HTTP/1.1" 200 292 "-" "curl/8.14.1"
127.0.0.1 - - [15/Apr/2026:19:12:09 +0000] "GET /api/health HTTP/1.1" 200 292 "-" "curl/8.14.1"
127.0.0.1 - - [15/Apr/2026:19:12:50 +0000] "GET /api/health HTTP/1.1" 200 292 "-" "curl/8.14.1"
127.0.0.1 - - [15/Apr/2026:19:13:24 +0000] "GET /api/health HTTP/1.1" 200 292 "-" "curl/8.14.1"
127.0.0.1 - - [15/Apr/2026:19:13:57 +0000] "GET /api/health HTTP/1.1" 200 292 "-" "curl/8.14.1"
127.0.0.1 - - [15/Apr/2026:19:14:31 +0000] "GET /api/health HTTP/1.1" 200 292 "-" "curl/8.14.1"
127.0.0.1 - - [15/Apr/2026:19:15:05 +0000] "GET /api/health HTTP/1.1" 200 292 "-" "curl/8.14.1"
127.0.0.1 - - [15/Apr/2026:19:15:38 +0000] "GET /api/health HTTP/1.1" 200 292 "-" "curl/8.14.1"
127.0.0.1 - - [15/Apr/2026:19:16:12 +0000] "GET /api/health HTTP/1.1" 200 292 "-" "curl/8.14.1"
127.0.0.1 - - [15/Apr/2026:19:16:45 +0000] "GET /api/health HTTP/1.1" 200 292 "-" "curl/8.14.1"
127.0.0.1 - - [15/Apr/2026:19:17:19 +0000] "GET /api/health HTTP/1.1" 200 292 "-" "curl/8.14.1"
127.0.0.1 - - [15/Apr/2026:19:17:52 +0000] "GET /api/health HTTP/1.1" 200 292 "-" "curl/8.14.1"
127.0.0.1 - - [15/Apr/2026:19:18:26 +0000] "GET /api/health HTTP/1.1" 429 76 "-" "curl/8.14.1"
127.0.0.1 - - [15/Apr/2026:19:18:59 +0000] "GET /api/health HTTP/1.1" 429 76 "-" "curl/8.14.1"
127.0.0.1 - - [15/Apr/2026:19:19:33 +0000] "GET /api/health HTTP/1.1" 429 76 "-" "curl/8.14.1"
127.0.0.1 - - [15/Apr/2026:19:20:06 +0000] "GET /api/health HTTP/1.1" 429 76 "-" "curl/8.14.1"
127.0.0.1 - - [15/Apr/2026:19:20:40 +0000] "GET /api/health HTTP/1.1" 429 76 "-" "curl/8.14.1"
127.0.0.1 - - [15/Apr/2026:19:21:13 +0000] "GET /api/health HTTP/1.1" 429 76 "-" "curl/8.14.1"
127.0.0.1 - - [15/Apr/2026:19:21:47 +0000] "GET /api/health HTTP/1.1" 429 76 "-" "curl/8.14.1"
127.0.0.1 - - [15/Apr/2026:19:22:20 +0000] "GET /api/health HTTP/1.1" 429 76 "-" "curl/8.14.1"
127.0.0.1 - - [15/Apr/2026:19:22:54 +0000] "GET /api/health HTTP/1.1" 429 76 "-" "curl/8.14.1"
127.0.0.1 - - [15/Apr/2026:19:23:27 +0000] "GET /api/health HTTP/1.1" 429 76 "-" "curl/8.14.1"
127.0.0.1 - - [15/Apr/2026:19:24:01 +0000] "GET /api/health HTTP/1.1" 429 76 "-" "curl/8.14.1"
127.0.0.1 - - [15/Apr/2026:19:24:35 +0000] "GET /api/health HTTP/1.1" 429 76 "-" "curl/8.14.1"
127.0.0.1 - - [15/Apr/2026:19:25:08 +0000] "GET /api/health HTTP/1.1" 429 76 "-" "curl/8.14.1"
